cargo :    
Compiling 
getrandom v0.3.4
En línea: 1 
Carácter: 1
+ cargo check > 
compile.log 2>&1
+ ~~~~~~~~~~~~~~~~
~~~~~~~~~~~~~~
    + CategoryInf 
   o          :   
  NotSpecified:   
  (   Compilin    
g getrandom v    
0.3.4:String)     
[], RemoteEx    
ception
    + FullyQualif 
   iedErrorId :   
  NativeCommand   
 Error
 
    Checking 
ppv-lite86 v0.2.21
    Checking 
num-traits v0.2.19
   Compiling syn 
v2.0.117
   Compiling syn 
v1.0.109
   Compiling winap
i-x86_64-pc-window
s-gnu v0.4.0
   Compiling 
crossbeam-utils 
v0.8.21
   Compiling 
indexmap v2.14.0
   Compiling 
winapi v0.3.9
   Compiling libc 
v0.2.186
   Compiling 
crunchy v0.2.4
   Compiling 
getrandom v0.1.16
    Checking 
tinyvec_macros 
v0.1.1
   Compiling 
ahash v0.8.12
   Compiling 
rustversion 
v1.0.22
    Checking 
opaque-debug 
v0.3.1
    Checking 
tinyvec v1.11.0
   Compiling 
jobserver v0.1.34
error: error 
calling dlltool 
'dlltool.exe': 
program not found

error: could not 
compile 
`getrandom` (lib) 
due to 1 previous 
error
warning: build 
failed, waiting 
for other jobs to 
finish...
